// Jest Snapshot v1, https://goo.gl/fbAQLP

exports[`Versioning determineVersion throws for invalid strategy somethingRandom 1`] = `"Versioning strategy should be one of None, Semantic, Tag, Custom."`;
